// Jest Snapshot v1, https://goo.gl/fbAQLP

exports[`it renders component unchanged 1`] = `
<div>
  <form
    class="relative h-10 flex justify-start w-[80%] md:w-[60%] max-w-2xl"
    role="search"
  >
    <label
      aria-label="Spotify Artist Network Search Bar"
      for="searchbar"
    />
    <input
      class="rounded-[7rem] w-full px-5 text-sm md:text-base shadow-lg focus:shadow-xl dark:bg-background outline outline-black outline-2 dark:outline-white"
      id="searchbar"
      name="searchbar"
      type="text"
    />
    <button
      title="Search button"
    >
      <svg
        class="lucide lucide-search absolute rounded-md z-50 top-1 right-3 w-auto h-8 p-1 bg-white dark:bg-background"
        fill="none"
        height="24"
        stroke="currentColor"
        stroke-linecap="round"
        stroke-linejoin="round"
        stroke-width="2"
        viewBox="0 0 24 24"
        width="24"
        xmlns="http://www.w3.org/2000/svg"
      >
        <circle
          cx="11"
          cy="11"
          r="8"
        />
        <path
          d="m21 21-4.3-4.3"
        />
      </svg>
    </button>
  </form>
</div>
`;
